[yt5s.is/index.html]
[backblue.gif]
[fade.gif]
[index.html]
[yt5s.is/assets/image/yt5s.is-og.png]
[yt5s.is/assets/fonts/roboto-regular.woff2]
[yt5s.is/assets/fonts/roboto-bold.woff2]
[yt5s.is/assets/image/image.png]
[yt5s.is/assets/css/style.css]
[yt5s.is/assets/image/favicon-16x16.png]
[yt5s.is/assets/image/favicon-32x32.png]
[yt5s.is/assets/image/favicon-96x96.png]
[yt5s.is/assets/js/custome.js]
[yt5s.is/de/index.html]
[yt5s.is/es/index.html]
[yt5s.is/index.html]
[yt5s.is/assets/css/style.css]
[yt5s.is/cdn-cgi/scripts/7d0fa10a/cloudflare-static/rocket-loader.min.js]
[yt5s.is/hi/index.html]
[yt5s.is/de/index.html]
[yt5s.is/ja/index.html]
[yt5s.is/id/index.html]
[yt5s.is/ko/index.html]
[yt5s.is/it/index.html]
[yt5s.is/es/index.html]
[yt5s.is/ar/index.html]
[yt5s.is/hi/index.html]
[yt5s.is/pt/index.html]
[yt5s.is/ms/index.html]
[yt5s.is/id/index.html]
[yt5s.is/ru/index.html]
[yt5s.is/th/index.html]
[yt5s.is/it/index.html]
[yt5s.is/tr/index.html]
[yt5s.is/vi/index.html]
[yt5s.is/ja/index.html]
[yt5s.is/zh-tw/index.html]
[yt5s.is/zh-cn/index.html]
[yt5s.is/ur/index.html]
[yt5s.is/ko/index.html]
[yt5s.is/sl/index.html]
[yt5s.is/ar/index.html]
[yt5s.is/bn/index.html]
[yt5s.is/hu/index.html]
[yt5s.is/ms/index.html]
[yt5s.is/pl/index.html]
[yt5s.is/ro/index.html]
[yt5s.is/pt/index.html]
[yt5s.is/he/index.html]
[yt5s.is/sk/index.html]
[yt5s.is/ru/index.html]
[yt5s.is/el/index.html]
[yt5s.is/sv/index.html]
[yt5s.is/th/index.html]
[yt5s.is/fr/index.html]
[yt5s.is/en/youtube-to-mp3/index.html]
[yt5s.is/tr/index.html]
[yt5s.is/en/youtube-to-mp4/index.html]
[yt5s.is/about/index.html]
[yt5s.is/vi/index.html]
[yt5s.is/term-of-service/index.html]
[yt5s.is/contact/index.html]
[yt5s.is/zh-cn/index.html]
[yt5s.is/de/youtube-to-mp3/index.html]
[yt5s.is/de/youtube-to-mp4/index.html]
[yt5s.is/zh-tw/index.html]
[yt5s.is/es/youtube-to-mp3/index.html]
[yt5s.is/es/youtube-to-mp4/index.html]
[yt5s.is/ur/index.html]
[yt5s.is/hi/youtube-to-mp3/index.html]
[yt5s.is/hi/youtube-to-mp4/index.html]
[yt5s.is/id/youtube-to-mp3/index.html]
[yt5s.is/bn/index.html]
[yt5s.is/id/youtube-to-mp4/index.html]
[yt5s.is/sl/index.html]
[yt5s.is/it/youtube-to-mp3/index.html]
[yt5s.is/it/youtube-to-mp4/index.html]
[yt5s.is/ja/youtube-to-mp3/index.html]
[yt5s.is/pl/index.html]
[yt5s.is/ja/youtube-to-mp4/index.html]
[yt5s.is/ko/youtube-to-mp3/index.html]
[yt5s.is/hu/index.html]
[yt5s.is/ko/youtube-to-mp4/index.html]
[yt5s.is/ar/youtube-to-mp3/index.html]
[yt5s.is/ro/index.html]
[yt5s.is/ar/youtube-to-mp4/index.html]
[yt5s.is/ms/youtube-to-mp4/index.html]
[yt5s.is/ms/youtube-to-mp3/index.html]
[yt5s.is/sk/index.html]
[yt5s.is/pt/youtube-to-mp3/index.html]
[yt5s.is/pt/youtube-to-mp4/index.html]
[yt5s.is/he/index.html]
[yt5s.is/ru/youtube-to-mp3/index.html]
[yt5s.is/ru/youtube-to-mp4/index.html]
[yt5s.is/el/index.html]
[yt5s.is/th/youtube-to-mp3/index.html]
[yt5s.is/th/youtube-to-mp4/index.html]
[yt5s.is/sv/index.html]
[yt5s.is/tr/youtube-to-mp3/index.html]
[yt5s.is/tr/youtube-to-mp4/index.html]
[yt5s.is/vi/youtube-to-mp3/index.html]
[yt5s.is/fr/index.html]
[yt5s.is/zh-cn/youtube-to-mp3/index.html]
[yt5s.is/vi/youtube-to-mp4/index.html]
[yt5s.is/en/youtube-to-mp3/index.html]
[yt5s.is/zh-cn/youtube-to-mp4/index.html]
[yt5s.is/zh-tw/youtube-to-mp3/index.html]
[yt5s.is/en/youtube-to-mp4/index.html]
[yt5s.is/zh-tw/youtube-to-mp4/index.html]
[yt5s.is/ur/youtube-to-mp3/index.html]
[yt5s.is/about/index.html]
[yt5s.is/ur/youtube-to-mp4/index.html]
[yt5s.is/bn/youtube-to-mp3/index.html]
[yt5s.is/term-of-service/index.html]
[yt5s.is/sl/youtube-to-mp3/index.html]
[yt5s.is/bn/youtube-to-mp4/index.html]
[yt5s.is/sl/youtube-to-mp4/index.html]
[yt5s.is/pl/youtube-to-mp3/index.html]
[yt5s.is/hu/youtube-to-mp3/index.html]
[yt5s.is/pl/youtube-to-mp4/index.html]
[yt5s.is/hu/youtube-to-mp4/index.html]
[yt5s.is/cdn-cgi/l/email-protection.html]
[yt5s.is/ro/youtube-to-mp3/index.html]
[yt5s.is/contact/index.html]
[yt5s.is/cdn-cgi/scripts/5c5dd728/cloudflare-static/email-decode.min.js]
[yt5s.is/ro/youtube-to-mp4/index.html]
[yt5s.is/de/youtube-to-mp3/index.html]
[yt5s.is/sk/youtube-to-mp4/index.html]
[yt5s.is/sk/youtube-to-mp3/index.html]
[yt5s.is/de/youtube-to-mp4/index.html]
[yt5s.is/he/youtube-to-mp3/index.html]
[yt5s.is/he/youtube-to-mp4/index.html]
[yt5s.is/es/youtube-to-mp3/index.html]
[yt5s.is/el/youtube-to-mp3/index.html]
[yt5s.is/sv/youtube-to-mp3/index.html]
[yt5s.is/el/youtube-to-mp4/index.html]
[yt5s.is/es/youtube-to-mp4/index.html]
[yt5s.is/hi/youtube-to-mp3/index.html]
[yt5s.is/hi/youtube-to-mp4/index.html]
[yt5s.is/id/youtube-to-mp3/index.html]
[yt5s.is/id/youtube-to-mp4/index.html]
[yt5s.is/it/youtube-to-mp3/index.html]
[yt5s.is/it/youtube-to-mp4/index.html]
[yt5s.is/ja/youtube-to-mp3/index.html]
[yt5s.is/ja/youtube-to-mp4/index.html]
[yt5s.is/ko/youtube-to-mp3/index.html]
[yt5s.is/ko/youtube-to-mp4/index.html]
[yt5s.is/ar/youtube-to-mp3/index.html]
[yt5s.is/ar/youtube-to-mp4/index.html]
[yt5s.is/ms/youtube-to-mp3/index.html]
[yt5s.is/ms/youtube-to-mp4/index.html]
[yt5s.is/pt/youtube-to-mp3/index.html]
[yt5s.is/pt/youtube-to-mp4/index.html]
[yt5s.is/ru/youtube-to-mp3/index.html]
[yt5s.is/ru/youtube-to-mp4/index.html]
[yt5s.is/th/youtube-to-mp3/index.html]
[yt5s.is/th/youtube-to-mp4/index.html]
[yt5s.is/tr/youtube-to-mp3/index.html]
[yt5s.is/tr/youtube-to-mp4/index.html]
[yt5s.is/vi/youtube-to-mp3/index.html]
[yt5s.is/sv/youtube-to-mp4/index.html]
[yt5s.is/vi/youtube-to-mp4/index.html]
[yt5s.is/zh-cn/youtube-to-mp3/index.html]
[yt5s.is/zh-cn/youtube-to-mp4/index.html]
[yt5s.is/zh-tw/youtube-to-mp3/index.html]
[yt5s.is/zh-tw/youtube-to-mp4/index.html]
[yt5s.is/ur/youtube-to-mp3/index.html]
[yt5s.is/ur/youtube-to-mp4/index.html]
[yt5s.is/bn/youtube-to-mp3/index.html]
[yt5s.is/bn/youtube-to-mp4/index.html]
[yt5s.is/sl/youtube-to-mp3/index.html]
[yt5s.is/sl/youtube-to-mp4/index.html]
[yt5s.is/pl/youtube-to-mp3/index.html]
[yt5s.is/pl/youtube-to-mp4/index.html]
[yt5s.is/hu/youtube-to-mp3/index.html]
[yt5s.is/hu/youtube-to-mp4/index.html]
[yt5s.is/ro/youtube-to-mp3/index.html]
[yt5s.is/ro/youtube-to-mp4/index.html]
[yt5s.is/sk/youtube-to-mp3/index.html]
[yt5s.is/sk/youtube-to-mp4/index.html]
[yt5s.is/he/youtube-to-mp3/index.html]
[yt5s.is/he/youtube-to-mp4/index.html]
[yt5s.is/el/youtube-to-mp3/index.html]
[yt5s.is/el/youtube-to-mp4/index.html]
[yt5s.is/sv/youtube-to-mp3/index.html]
[yt5s.is/sv/youtube-to-mp4/index.html]
[yt5s.is/fr/youtube-to-mp3/index.html]
[yt5s.is/fr/youtube-to-mp3/index.html]
[yt5s.is/fr/youtube-to-mp4/index.html]
[yt5s.is/fr/youtube-to-mp4/index.html]
[yt5s.is/cdn-cgi/l/email-protection.html]
